<?php

declare(strict_types=1);

namespace App\Domain\Invoices\Data;

use Flowlight\BaseData;
use Illuminate\Validation\Rule;

final class InvoiceData extends BaseData
{
    public function __construct(
        public array $line_items,
    )
    {
    }

    /** @return array<string,string> */
    public static function attributes(): array
    {
        return [
            'line_items' => 'Line Items',
        ];
    }

    /** @return array<string,string> */
    public static function messages(): array
    {
        return [
            'line_items.required' => 'Line Items is required.',
            'line_items.array' => 'Line Items must be an array.',
        ];
    }

    /**
     * @return array<string, list<string>>
     */
    protected static function rules(): array
    {
        return [
            'line_items' => [
                'required',
                'array',
            ],
        ];
    }
}
